------------------------------------------------------------
TimeQuest Timing Analyzer Summary
------------------------------------------------------------

Type  : Slow 1200mV 85C Model Setup 'clk_div:inst|clock_1KHz'
Slack : -1.438
TNS   : -42.901

Type  : Slow 1200mV 85C Model Setup 'CLOCK_50'
Slack : -0.949
TNS   : -4.638

Type  : Slow 1200mV 85C Model Setup 'clk_div:inst|clock_100Khz_int'
Slack : -0.588
TNS   : -1.042

Type  : Slow 1200mV 85C Model Setup 'clk_div:inst|clock_1Mhz_int'
Slack : -0.558
TNS   : -0.935

Type  : Slow 1200mV 85C Model Setup 'clk_div:inst|clock_10Khz_int'
Slack : -0.240
TNS   : -0.637

Type  : Slow 1200mV 85C Model Hold 'clk_div:inst|clock_1Mhz_int'
Slack : -0.434
TNS   : -0.434

Type  : Slow 1200mV 85C Model Hold 'clk_div:inst|clock_100Khz_int'
Slack : -0.290
TNS   : -0.290

Type  : Slow 1200mV 85C Model Hold 'clk_div:inst|clock_10Khz_int'
Slack : 0.401
TNS   : 0.000

Type  : Slow 1200mV 85C Model Hold 'clk_div:inst|clock_1KHz'
Slack : 0.402
TNS   : 0.000

Type  : Slow 1200mV 85C Model Hold 'CLOCK_50'
Slack : 0.435
TNS   : 0.000

Type  : Slow 1200mV 85C Model Minimum Pulse Width 'CLOCK_50'
Slack : -3.000
TNS   : -11.995

Type  : Slow 1200mV 85C Model Minimum Pulse Width 'clk_div:inst|clock_1KHz'
Slack : -1.285
TNS   : -51.400

Type  : Slow 1200mV 85C Model Minimum Pulse Width 'clk_div:inst|clock_100Khz_int'
Slack : -1.285
TNS   : -5.140

Type  : Slow 1200mV 85C Model Minimum Pulse Width 'clk_div:inst|clock_10Khz_int'
Slack : -1.285
TNS   : -5.140

Type  : Slow 1200mV 85C Model Minimum Pulse Width 'clk_div:inst|clock_1Mhz_int'
Slack : -1.285
TNS   : -5.140

Type  : Slow 1200mV 0C Model Setup 'clk_div:inst|clock_1KHz'
Slack : -1.247
TNS   : -35.191

Type  : Slow 1200mV 0C Model Setup 'CLOCK_50'
Slack : -0.746
TNS   : -3.476

Type  : Slow 1200mV 0C Model Setup 'clk_div:inst|clock_100Khz_int'
Slack : -0.428
TNS   : -0.589

Type  : Slow 1200mV 0C Model Setup 'clk_div:inst|clock_1Mhz_int'
Slack : -0.403
TNS   : -0.531

Type  : Slow 1200mV 0C Model Setup 'clk_div:inst|clock_10Khz_int'
Slack : -0.117
TNS   : -0.265

Type  : Slow 1200mV 0C Model Hold 'clk_div:inst|clock_1Mhz_int'
Slack : -0.303
TNS   : -0.303

Type  : Slow 1200mV 0C Model Hold 'clk_div:inst|clock_100Khz_int'
Slack : -0.176
TNS   : -0.176

Type  : Slow 1200mV 0C Model Hold 'clk_div:inst|clock_10Khz_int'
Slack : 0.353
TNS   : 0.000

Type  : Slow 1200mV 0C Model Hold 'clk_div:inst|clock_1KHz'
Slack : 0.353
TNS   : 0.000

Type  : Slow 1200mV 0C Model Hold 'CLOCK_50'
Slack : 0.401
TNS   : 0.000

Type  : Slow 1200mV 0C Model Minimum Pulse Width 'CLOCK_50'
Slack : -3.000
TNS   : -11.995

Type  : Slow 1200mV 0C Model Minimum Pulse Width 'clk_div:inst|clock_1KHz'
Slack : -1.285
TNS   : -51.400

Type  : Slow 1200mV 0C Model Minimum Pulse Width 'clk_div:inst|clock_100Khz_int'
Slack : -1.285
TNS   : -5.140

Type  : Slow 1200mV 0C Model Minimum Pulse Width 'clk_div:inst|clock_10Khz_int'
Slack : -1.285
TNS   : -5.140

Type  : Slow 1200mV 0C Model Minimum Pulse Width 'clk_div:inst|clock_1Mhz_int'
Slack : -1.285
TNS   : -5.140

Type  : Fast 1200mV 0C Model Setup 'clk_div:inst|clock_1KHz'
Slack : -0.165
TNS   : -2.635

Type  : Fast 1200mV 0C Model Setup 'CLOCK_50'
Slack : 0.051
TNS   : 0.000

Type  : Fast 1200mV 0C Model Setup 'clk_div:inst|clock_100Khz_int'
Slack : 0.221
TNS   : 0.000

Type  : Fast 1200mV 0C Model Setup 'clk_div:inst|clock_1Mhz_int'
Slack : 0.235
TNS   : 0.000

Type  : Fast 1200mV 0C Model Setup 'clk_div:inst|clock_10Khz_int'
Slack : 0.389
TNS   : 0.000

Type  : Fast 1200mV 0C Model Hold 'clk_div:inst|clock_1Mhz_int'
Slack : -0.373
TNS   : -0.373

Type  : Fast 1200mV 0C Model Hold 'clk_div:inst|clock_100Khz_int'
Slack : -0.320
TNS   : -0.320

Type  : Fast 1200mV 0C Model Hold 'CLOCK_50'
Slack : 0.147
TNS   : 0.000

Type  : Fast 1200mV 0C Model Hold 'clk_div:inst|clock_10Khz_int'
Slack : 0.180
TNS   : 0.000

Type  : Fast 1200mV 0C Model Hold 'clk_div:inst|clock_1KHz'
Slack : 0.180
TNS   : 0.000

Type  : Fast 1200mV 0C Model Minimum Pulse Width 'CLOCK_50'
Slack : -3.000
TNS   : -10.420

Type  : Fast 1200mV 0C Model Minimum Pulse Width 'clk_div:inst|clock_1KHz'
Slack : -1.000
TNS   : -40.000

Type  : Fast 1200mV 0C Model Minimum Pulse Width 'clk_div:inst|clock_100Khz_int'
Slack : -1.000
TNS   : -4.000

Type  : Fast 1200mV 0C Model Minimum Pulse Width 'clk_div:inst|clock_10Khz_int'
Slack : -1.000
TNS   : -4.000

Type  : Fast 1200mV 0C Model Minimum Pulse Width 'clk_div:inst|clock_1Mhz_int'
Slack : -1.000
TNS   : -4.000

------------------------------------------------------------
